******************************************************************************
               TMS320C6x Linker PC v8.2.2                      
******************************************************************************
>> Linked Tue Feb  6 12:52:53 2018

OUTPUT FILE NAME:   <Lab3.out>
ENTRY POINT SYMBOL: "_c_int00"  address: 11801960


MEMORY CONFIGURATION

         name            origin    length      used     unused   attr    fill
----------------------  --------  ---------  --------  --------  ----  --------
  VECTORS               11800000   00000200  00000200  00000000  RWIX
  DSPRAM                11800200   0003fe00  00001ef8  0003df08  RWIX
  SHAREDRAM             80000000   00020000  00000000  00020000  RWIX
  SDRAM                 c0000000   08000000  00000000  08000000  RWIX


SEGMENT ALLOCATION MAP

run origin  load origin   length   init length attrs members
----------  ----------- ---------- ----------- ----- -------
11800000    11800000    00001ae0   00001ae0    r-x
  11800000    11800000    00000200   00000200    r-x vectors
  11800200    11800200    000018e0   000018e0    r-x .text
11801ae0    11801ae0    000004d0   00000000    rw-
  11801ae0    11801ae0    00000400   00000000    rw- .stack
  11801ee0    11801ee0    000000cc   00000000    rw- .far
  11801fac    11801fac    00000004   00000000    rw- .bss
11801fb0    11801fb0    000000dc   000000dc    r--
  11801fb0    11801fb0    000000c4   000000c4    r-- .const
  11802074    11802074    00000018   00000018    r-- .switch
1180208c    1180208c    0000001c   00000000    rw-
  1180208c    1180208c    00000010   00000000    rw- .neardata
  1180209c    1180209c    0000000c   00000000    rw- .fardata
118020a8    118020a8    00000050   00000050    r--
  118020a8    118020a8    00000050   00000050    r-- .cinit


SECTION ALLOCATION MAP

 output                                  attributes/
section   page    origin      length       input sections
--------  ----  ----------  ----------   ----------------
vectors    0    11800000    00000200     
                  11800000    00000200     vectors.obj (vectors)

.stack     0    11801ae0    00000400     UNINITIALIZED
                  11801ae0    00000008     rts6740_elf.lib : boot.obj (.stack)
                  11801ae8    000003f8     --HOLE--

.far       0    11801ee0    000000cc     UNINITIALIZED
                  11801ee0    000000c4     (.common:xLeft)
                  11801fa4    00000004     (.common:CodecDataIn)
                  11801fa8    00000004     (.common:CodecDataOut)

.neardata 
*          0    1180208c    00000010     UNINITIALIZED
                  1180208c    0000000c     ISRs.obj (.neardata)
                  11802098    00000004     LCDK_Support_DSP.obj (.neardata)

.bss       0    11801fac    00000004     UNINITIALIZED
                  11801fac    00000004     (.common:yLeft)

.cinit     0    118020a8    00000050     
                  118020a8    0000000d     (.cinit..fardata.load) [load image, compression = rle]
                  118020b5    00000009     (.cinit..bss.load) [load image, compression = rle]
                  118020be    00000009     (.cinit..far.load) [load image, compression = rle]
                  118020c7    00000009     (.cinit..neardata.load) [load image, compression = rle]
                  118020d0    00000008     (__TI_handler_table)
                  118020d8    00000020     (__TI_cinit_table)

.const     0    11801fb0    000000c4     
                  11801fb0    000000c4     ISRs.obj (.const:lpf)

.text      0    11800200    000018e0     
                  11800200    00000e00     LCDK_Support_DSP.obj (.text)
                  11801000    00000220     ISRs.obj (.text:retain)
                  11801220    00000160     rts6740_elf.lib : autoinit.obj (.text:_auto_init_elf)
                  11801380    00000100                     : copy_decompress_rle.obj (.text:__TI_decompress_rle_core)
                  11801480    00000100                     : cpy_tbl.obj (.text:copy_in)
                  11801580    000000e0                     : exit.obj (.text:exit)
                  11801660    000000e0                     : memset.obj (.text:memset)
                  11801740    000000c0                     : divu.obj (.text:__divu)
                  11801800    000000c0                     : tls.obj (.text:tls:init:__TI_tls_init)
                  118018c0    000000a0                     : memcpy64.obj (.text:memcpy)
                  11801960    00000080                     : boot.obj (.text:_c_int00)
                  118019e0    00000040                     : args_main.obj (.text:_args_main)
                  11801a20    00000020                     : startup.obj (.text:_system_post_cinit)
                  11801a40    00000020                     : pre_init.obj (.text:_system_pre_init)
                  11801a60    00000020                     : exit.obj (.text:abort)
                  11801a80    00000020                     : copy_decompress_none.obj (.text:decompress:none:__TI_decompress_none)
                  11801aa0    00000020                     : copy_decompress_rle.obj (.text:decompress:rle24:__TI_decompress_rle24)
                  11801ac0    00000020     main.obj (.text)

.switch    0    11802074    00000018     
                  11802074    00000018     LCDK_Support_DSP.obj (.switch:SetSampleRate_AIC3106)

.fardata   0    1180209c    0000000c     UNINITIALIZED
                  1180209c    0000000c     rts6740_elf.lib : exit.obj (.fardata)

MODULE SUMMARY

       Module                     code   ro data   rw data
       ------                     ----   -------   -------
    .\
       LCDK_Support_DSP.obj       3584   24        4      
       ISRs.obj                   544    196       220    
       vectors.obj                512    0         0      
       main.obj                   32     0         0      
    +--+--------------------------+------+---------+---------+
       Total:                     4672   220       224    
                                                          
    C:/ti/ccsv7/tools/compiler/ti-cgt-c6000_8.2.2/lib/rts6740_elf.lib
       autoinit.obj               352    0         0      
       copy_decompress_rle.obj    288    0         0      
       exit.obj                   256    0         12     
       cpy_tbl.obj                256    0         0      
       memset.obj                 224    0         0      
       divu.obj                   192    0         0      
       tls.obj                    192    0         0      
       memcpy64.obj               160    0         0      
       boot.obj                   128    0         0      
       args_main.obj              64     0         0      
       copy_decompress_none.obj   32     0         0      
       pre_init.obj               32     0         0      
       startup.obj                32     0         0      
    +--+--------------------------+------+---------+---------+
       Total:                     2208   0         12     
                                                          
       Stack:                     0      0         1024   
       Linker Generated:          0      80        0      
    +--+--------------------------+------+---------+---------+
       Grand Total:               6880   300       1260   


LINKER GENERATED COPY TABLES

__TI_cinit_table @ 118020d8 records: 4, size/record: 8, table size: 32
	.fardata: load addr=118020a8, load size=0000000d bytes, run addr=1180209c, run size=0000000c bytes, compression=rle
	.bss: load addr=118020b5, load size=00000009 bytes, run addr=11801fac, run size=00000004 bytes, compression=rle
	.far: load addr=118020be, load size=00000009 bytes, run addr=11801ee0, run size=000000cc bytes, compression=rle
	.neardata: load addr=118020c7, load size=00000009 bytes, run addr=1180208c, run size=00000010 bytes, compression=rle


LINKER GENERATED HANDLER TABLE

__TI_handler_table @ 118020d0 records: 2, size/record: 4, table size: 8
	index: 0, handler: __TI_decompress_rle24
	index: 1, handler: __TI_decompress_none


GLOBAL SYMBOLS: SORTED ALPHABETICALLY BY Name 

address   name                           
-------   ----                           
11800918  AIC3106_write_reg              
11801a60  C$$EXIT                        
118006ac  CheckForOverrun                
11801fa4  CodecDataIn                    
11801fa8  CodecDataOut                   
11801000  Codec_ISR                      
1180020c  DSP_Init                       
11800248  DSP_Init_EDMA                  
1180022c  DSP_InitwoInterrupt            
11800444  EnableInterrupts               
11800498  EnableInterrupts_EDMA          
11800200  GetSampleFreq                  
118003d8  InitDigitalOutputs             
11800268  InitLEDs                       
118006d4  Init_AIC3106                   
11800510  Init_I2C                       
11800408  Init_Interrupts                
11800484  Init_Interrupts_EDMA           
11800ad4  Init_McASP0                    
11800e54  Init_UART2                     
11800f94  IsDataReady_UART2              
11800fc0  IsTxReady_UART2                
11800f2c  Puts_UART2                     
11800664  ReadCodecData                  
118003c0  ReadSwitches                   
11800f6c  Read_UART2                     
11800958  Reset_AIC3106                  
11800554  Reset_I2C                      
11800984  SetSampleRate_AIC3106          
11800684  WriteCodecData                 
118003e8  WriteDigitalOutputs            
118002d4  WriteLEDs                      
11800578  Write_I2C                      
11800f00  Write_UART2                    
118020d8  __TI_CINIT_Base                
118020f8  __TI_CINIT_Limit               
118020d0  __TI_Handler_Table_Base        
118020d8  __TI_Handler_Table_Limit       
UNDEFED   __TI_INITARRAY_Base            
UNDEFED   __TI_INITARRAY_Limit           
11801ee0  __TI_STACK_END                 
00000400  __TI_STACK_SIZE                
11801fac  __TI_STATIC_BASE               
UNDEFED   __TI_TLS_INIT_Base             
UNDEFED   __TI_TLS_INIT_Limit            
1180209c  __TI_cleanup_ptr               
11801a80  __TI_decompress_none           
11801aa0  __TI_decompress_rle24          
118020a0  __TI_dtors_ptr                 
118020a4  __TI_enable_exit_profile_output
ffffffff  __TI_pprof_out_hndl            
ffffffff  __TI_prof_data_size            
ffffffff  __TI_prof_data_start           
11801800  __TI_tls_init                  
ffffffff  __binit__                      
11801740  __c6xabi_divu                  
ffffffff  __c_args__                     
11801740  __divu                         
118019e0  _args_main                     
11801220  _auto_init_elf                 
11801960  _c_int00                       
11801ae0  _stack                         
11801a20  _system_post_cinit             
11801a40  _system_pre_init               
11801a60  abort                          
ffffffff  binit                          
11801480  copy_in                        
1180208c  counter                        
11802090  counterLut                     
11801580  exit                           
11802094  i                              
11801fb0  lpf                            
11801ac0  main                           
118018c0  memcpy                         
11801660  memset                         
118004e0  wait                           
11801ee0  xLeft                          
11801fac  yLeft                          


GLOBAL SYMBOLS: SORTED BY Symbol Address 

address   name                           
-------   ----                           
00000400  __TI_STACK_SIZE                
11800200  GetSampleFreq                  
1180020c  DSP_Init                       
1180022c  DSP_InitwoInterrupt            
11800248  DSP_Init_EDMA                  
11800268  InitLEDs                       
118002d4  WriteLEDs                      
118003c0  ReadSwitches                   
118003d8  InitDigitalOutputs             
118003e8  WriteDigitalOutputs            
11800408  Init_Interrupts                
11800444  EnableInterrupts               
11800484  Init_Interrupts_EDMA           
11800498  EnableInterrupts_EDMA          
118004e0  wait                           
11800510  Init_I2C                       
11800554  Reset_I2C                      
11800578  Write_I2C                      
11800664  ReadCodecData                  
11800684  WriteCodecData                 
118006ac  CheckForOverrun                
118006d4  Init_AIC3106                   
11800918  AIC3106_write_reg              
11800958  Reset_AIC3106                  
11800984  SetSampleRate_AIC3106          
11800ad4  Init_McASP0                    
11800e54  Init_UART2                     
11800f00  Write_UART2                    
11800f2c  Puts_UART2                     
11800f6c  Read_UART2                     
11800f94  IsDataReady_UART2              
11800fc0  IsTxReady_UART2                
11801000  Codec_ISR                      
11801220  _auto_init_elf                 
11801480  copy_in                        
11801580  exit                           
11801660  memset                         
11801740  __c6xabi_divu                  
11801740  __divu                         
11801800  __TI_tls_init                  
118018c0  memcpy                         
11801960  _c_int00                       
118019e0  _args_main                     
11801a20  _system_post_cinit             
11801a40  _system_pre_init               
11801a60  C$$EXIT                        
11801a60  abort                          
11801a80  __TI_decompress_none           
11801aa0  __TI_decompress_rle24          
11801ac0  main                           
11801ae0  _stack                         
11801ee0  __TI_STACK_END                 
11801ee0  xLeft                          
11801fa4  CodecDataIn                    
11801fa8  CodecDataOut                   
11801fac  __TI_STATIC_BASE               
11801fac  yLeft                          
11801fb0  lpf                            
1180208c  counter                        
11802090  counterLut                     
11802094  i                              
1180209c  __TI_cleanup_ptr               
118020a0  __TI_dtors_ptr                 
118020a4  __TI_enable_exit_profile_output
118020d0  __TI_Handler_Table_Base        
118020d8  __TI_CINIT_Base                
118020d8  __TI_Handler_Table_Limit       
118020f8  __TI_CINIT_Limit               
ffffffff  __TI_pprof_out_hndl            
ffffffff  __TI_prof_data_size            
ffffffff  __TI_prof_data_start           
ffffffff  __binit__                      
ffffffff  __c_args__                     
ffffffff  binit                          
UNDEFED   __TI_INITARRAY_Base            
UNDEFED   __TI_INITARRAY_Limit           
UNDEFED   __TI_TLS_INIT_Base             
UNDEFED   __TI_TLS_INIT_Limit            

[78 symbols]
